package router

import (
	"errors"
	"net/http"

	"testapp/controllers"
	"testapp/router/routes"

	"github.com/labstack/echo"
)

func (r Router) RegisterWidgetRoutes(widget controllers.Widgets) error {
	errs := []error{}
	var err error
	_, err = r.e.AddRoute(echo.Route{
		Method:  http.MethodGet,
		Path:    routes.WidgetShow.Path(),
		Name:    routes.WidgetShow.Name(),
		Handler: widget.Show,
	})
	if err != nil {
		errs = append(errs, err)
	}
	_, err = r.e.AddRoute(echo.Route{
		Method:  http.MethodGet,
		Path:    routes.WidgetEdit.Path(),
		Name:    routes.WidgetEdit.Name(),
		Handler: widget.Edit,
	})
	if err != nil {
		errs = append(errs, err)
	}

	return errors.Join(errs...)
}
