package views

import (
	"fmt"
	"strings"
	"testapp/models"
)

templ DocumentIndex(documents []models.Document) {
	@base() {
		<main>
			<div>
				<h1>Documents</h1>
				<a href="/">New Document</a>
			</div>
			<div>
				if len(documents) == 0 {
					<p>No documents found.</p>
				} else {
					<div>
						<table>
							<thead>
								<tr>
									<th>Title</th>
									<th>Tags</th>
									<th>Page Numbers</th>
									<th>View Count</th>
									<th>Is Published</th>
									<th>Created At</th>
									<th>Updated At</th>
									<th>Actions</th>
								</tr>
							</thead>
							<tbody>
								for _, document := range documents {
									<tr>
										<td>{ document.Title }</td>
										<td>{ strings.Join(document.Tags, ", ") }</td>
										<td>{ fmt.Sprintf("%v", document.PageNumbers) }</td>
										<td>{ fmt.Sprintf("%d", document.ViewCount) }</td>
										<td>{ fmt.Sprintf("%t", document.IsPublished) }</td>
										<td>{ document.CreatedAt.String() }</td>
										<td>{ document.UpdatedAt.String() }</td>
										<td>
											<a href="/">View</a>
											<a href="/">Edit</a>
										</td>
									</tr>
								}
							</tbody>
						</table>
					</div>
				}
			</div>
		</main>
	}
}

templ DocumentShow(document models.Document) {
	@base() {
		<main>
			<div>
				<h1>Document Details</h1>
				<div>
					<a href="/">Edit</a>
					<a href="/">Back to List</a>
				</div>
			</div>
			<div>
				<div>
					<div>
						<label>Title</label>
						<p>{ document.Title }</p>
					</div>
					<div>
						<label>Tags</label>
						<p>{ strings.Join(document.Tags, ", ") }</p>
					</div>
					<div>
						<label>Page Numbers</label>
						<p>{ fmt.Sprintf("%v", document.PageNumbers) }</p>
					</div>
					<div>
						<label>View Count</label>
						<p>{ fmt.Sprintf("%d", document.ViewCount) }</p>
					</div>
					<div>
						<label>Is Published</label>
						<p>{ fmt.Sprintf("%t", document.IsPublished) }</p>
					</div>
					<div>
						<label>Created At</label>
						<p>{ document.CreatedAt.String() }</p>
					</div>
					<div>
						<label>Updated At</label>
						<p>{ document.UpdatedAt.String() }</p>
					</div>
				</div>
			</div>
		</main>
	}
}

templ DocumentNew() {
	@base() {
		<main>
			<div>
				<form
					data-indicator:submitting
					data-on:submit={ "!$submitting && " + fmt.Sprintf("@post('%s')", "/") }
				>
					<div>
						<h2>New Document</h2>
						<p>Enter the details for the new document.</p>
					</div>
					<div>
						<div>
							<label for="title">Title</label>
							<div>
								<input id="title" type="text" data-bind="title"/>
							</div>
						</div>
						<div>
							<label for="tags">Tags</label>
							<div>
								<input id="tags" type="text" data-bind="tags"/>
							</div>
						</div>
						<div>
							<label for="pageNumbers">Page Numbers</label>
							<div>
								<input id="pageNumbers" type="text" data-bind="pageNumbers"/>
							</div>
						</div>
						<div>
							<label for="viewCount">View Count</label>
							<div>
								<input id="viewCount" type="number" data-bind="viewCount"/>
							</div>
						</div>
						<div>
							<label for="isPublished">Is Published</label>
							<div>
								<input id="isPublished" type="checkbox" data-bind="isPublished"/>
							</div>
						</div>
					</div>
					<div>
						<a href="/">Cancel</a>
						<button type="submit">Create Document</button>
					</div>
				</form>
			</div>
		</main>
	}
}

templ DocumentEdit(document models.Document) {
	@base() {
		<main>
			<div>
				<form
					data-indicator:submitting
					data-on:submit={ "!$submitting && " + fmt.Sprintf("@put('%s')", "/") }
				>
					<div>
						<h2>Edit Document</h2>
						<p>Update the details for this document.</p>
					</div>
					<div>
						<div>
							<label for="title">Title</label>
							<div>
								<input id="title" type="text" data-bind="title" value={ document.Title }/>
							</div>
						</div>
						<div>
							<label for="tags">Tags</label>
							<div>
								<input id="tags" type="text" data-bind="tags" value={ strings.Join(document.Tags, ", ") }/>
							</div>
						</div>
						<div>
							<label for="pageNumbers">Page Numbers</label>
							<div>
								<input id="pageNumbers" type="text" data-bind="pageNumbers" value={ fmt.Sprintf("%v", document.PageNumbers) }/>
							</div>
						</div>
						<div>
							<label for="viewCount">View Count</label>
							<div>
								<input id="viewCount" type="number" data-bind="viewCount" value={ fmt.Sprintf("%d", document.ViewCount) }/>
							</div>
						</div>
						<div>
							<label for="isPublished">Is Published</label>
							<div>
								<input id="isPublished" type="checkbox" data-bind="isPublished" value={ fmt.Sprintf("%t", document.IsPublished) }/>
							</div>
						</div>
					</div>
					<div>
						<a href="/">Cancel</a>
						<button type="submit">Update Document</button>
					</div>
				</form>
				<div>
					<button
						data-on:click={ fmt.Sprintf("@delete('%s')", "/") }
					>Destroy Document</button>
				</div>
			</div>
		</main>
	}
}
