package views

import (
	"net/http"
	"testapp/internal/renderer"
	"testapp/router/routes"
)

templ ItemIndex() {
	<div class="p-6">
		<h1 class="text-2xl font-semibold">Item#Index</h1>
		<p class="text-sm text-base-content/60 mt-2">Content for this action has not been implemented yet.</p>
	</div>
}

templ ItemShow() {
	<div class="p-6">
		<h1 class="text-2xl font-semibold">Item#Show</h1>
		<p class="text-sm text-base-content/60 mt-2">Content for this action has not been implemented yet.</p>
	</div>
}

templ ItemNew() {
	<div class="p-6">
		<h1 class="text-2xl font-semibold">Item#New</h1>
		<p class="text-sm text-base-content/60 mt-2">Content for this action has not been implemented yet.</p>
	</div>
}

templ ItemCreate() {
	<div class="p-6">
		<h1 class="text-2xl font-semibold">Item#Create</h1>
		<p class="text-sm text-base-content/60 mt-2">Content for this action has not been implemented yet.</p>
	</div>
}

templ ItemEdit() {
	<div class="p-6">
		<h1 class="text-2xl font-semibold">Item#Edit</h1>
		<p class="text-sm text-base-content/60 mt-2">Content for this action has not been implemented yet.</p>
	</div>
}

templ ItemUpdate() {
	<div class="p-6">
		<h1 class="text-2xl font-semibold">Item#Update</h1>
		<p class="text-sm text-base-content/60 mt-2">Content for this action has not been implemented yet.</p>
	</div>
}

templ ItemDestroy() {
	<div class="p-6">
		<h1 class="text-2xl font-semibold">Item#Destroy</h1>
		<p class="text-sm text-base-content/60 mt-2">Content for this action has not been implemented yet.</p>
	</div>
}

