package controllers

import (
	"fmt"
	"log/slog"
	"net/http"
	"strconv"

	"testapp/internal/storage"
	"testapp/models"
	"testapp/router/cookies"
	"testapp/router/routes"
	"testapp/views"

	"github.com/google/uuid"
	"github.com/labstack/echo/v4"
)

type Projects struct {
	db storage.Pool
}

func NewProjects(db storage.Pool) Projects {
	return Projects{db}
}

func (p Projects) Index(etx echo.Context) error {
	page := int64(1)
	if p := etx.QueryParam("page"); p != "" {
		if parsed, err := strconv.Atoi(p); err == nil && parsed > 0 {
			page = int64(parsed)
		}
	}

	perPage := int64(25)
	if pp := etx.QueryParam("per_page"); pp != "" {
		if parsed, err := strconv.Atoi(pp); err == nil && parsed > 0 &&
			parsed <= 100 {
			perPage = int64(parsed)
		}
	}

	projectsList, err := models.PaginateProjects(
		etx.Request().Context(),
		p.db.Conn(),
		page,
		perPage,
	)
	if err != nil {
		return render(etx, views.InternalError())
	}

	return render(etx, views.ProjectIndex(projectsList.Projects))
}

func (p Projects) Show(etx echo.Context) error {
	projectID, err := uuid.Parse(etx.Param("id"))
	if err != nil {
		return render(etx, views.BadRequest())
	}

	project, err := models.FindProject(etx.Request().Context(), p.db.Conn(), projectID)
	if err != nil {
		return render(etx, views.NotFound())
	}

	return render(etx, views.ProjectShow(project))
}

func (p Projects) New(etx echo.Context) error {
	return render(etx, views.ProjectNew())
}

type CreateProjectFormPayload struct {
	Name        string `json:"name"`
	Description string `json:"description"`
}

func (p Projects) Create(etx echo.Context) error {
	var payload CreateProjectFormPayload
	if err := etx.Bind(&payload); err != nil {
		slog.ErrorContext(
			etx.Request().Context(),
			"could not parse CreateProjectFormPayload",
			"error",
			err,
		)

		return render(etx, views.NotFound())
	}

	data := models.CreateProjectData{
		Name:        payload.Name,
		Description: payload.Description,
	}

	project, err := models.CreateProject(
		etx.Request().Context(),
		p.db.Conn(),
		data,
	)
	if err != nil {
		if flashErr := cookies.AddFlash(etx, cookies.FlashError, fmt.Sprintf("Failed to create project: %v", err)); flashErr != nil {
			return flashErr
		}
		return etx.Redirect(http.StatusSeeOther, routes.ProjectNew.URL())
	}

	if flashErr := cookies.AddFlash(etx, cookies.FlashSuccess, "Project created successfully"); flashErr != nil {
		return render(etx, views.InternalError())
	}

	return etx.Redirect(http.StatusSeeOther, routes.ProjectShow.URL(project.ID))
}

func (p Projects) Edit(etx echo.Context) error {
	projectID, err := uuid.Parse(etx.Param("id"))
	if err != nil {
		return render(etx, views.BadRequest())
	}

	project, err := models.FindProject(etx.Request().Context(), p.db.Conn(), projectID)
	if err != nil {
		return render(etx, views.NotFound())
	}

	return render(etx, views.ProjectEdit(project))
}

type UpdateProjectFormPayload struct {
	Name        string `json:"name"`
	Description string `json:"description"`
}

func (p Projects) Update(etx echo.Context) error {
	projectID, err := uuid.Parse(etx.Param("id"))
	if err != nil {
		return render(etx, views.BadRequest())
	}

	var payload UpdateProjectFormPayload
	if err := etx.Bind(&payload); err != nil {
		slog.ErrorContext(
			etx.Request().Context(),
			"could not parse UpdateProjectFormPayload",
			"error",
			err,
		)

		return render(etx, views.NotFound())
	}

	data := models.UpdateProjectData{
		ID:          projectID,
		Name:        payload.Name,
		Description: payload.Description,
	}

	project, err := models.UpdateProject(
		etx.Request().Context(),
		p.db.Conn(),
		data,
	)
	if err != nil {
		if flashErr := cookies.AddFlash(etx, cookies.FlashError, fmt.Sprintf("Failed to update project: %v", err)); flashErr != nil {
			return render(etx, views.InternalError())
		}
		return etx.Redirect(
			http.StatusSeeOther,
			routes.ProjectEdit.URL(projectID),
		)
	}

	if flashErr := cookies.AddFlash(etx, cookies.FlashSuccess, "Project updated successfully"); flashErr != nil {
		return render(etx, views.InternalError())
	}

	return etx.Redirect(http.StatusSeeOther, routes.ProjectShow.URL(project.ID))
}

func (p Projects) Destroy(etx echo.Context) error {
	projectID, err := uuid.Parse(etx.Param("id"))
	if err != nil {
		return render(etx, views.BadRequest())
	}

	err = models.DestroyProject(etx.Request().Context(), p.db.Conn(), projectID)
	if err != nil {
		if flashErr := cookies.AddFlash(etx, cookies.FlashError, fmt.Sprintf("Failed to delete project: %v", err)); flashErr != nil {
			return render(etx, views.InternalError())
		}
		return etx.Redirect(http.StatusSeeOther, routes.ProjectIndex.URL())
	}

	if flashErr := cookies.AddFlash(etx, cookies.FlashSuccess, "Project destroyed successfully"); flashErr != nil {
		return render(etx, views.InternalError())
	}

	return etx.Redirect(http.StatusSeeOther, routes.ProjectIndex.URL())
}
