package models

import (
	"github.com/google/uuid"
	"github.com/jackc/pgx/v5/pgtype"


	"github.com/example/test/models/internal/db"
)

type categoryBase struct{}

var Category = categoryBase{}

type CategoryEntity struct {
	ID uuid.UUID
	CreatedAt pgtype.Timestamptz
	UpdatedAt pgtype.Timestamptz
	Name string
	Slug string
}

func rowToCategoryEntity(row db.Category) CategoryEntity {
	return CategoryEntity{
		ID: row.ID,
		CreatedAt: row.CreatedAt,
		UpdatedAt: row.UpdatedAt,
		Name: row.Name,
		Slug: row.Slug,
	}
}
