package models

import (
	"github.com/google/uuid"
	"github.com/jackc/pgx/v5/pgtype"


	"github.com/example/test/models/internal/db"
)

type productBase struct{}

var Product = productBase{}

type ProductEntity struct {
	ID uuid.UUID
	CreatedAt pgtype.Timestamptz
	UpdatedAt pgtype.Timestamptz
	Name string
	Description pgtype.Text
	Price pgtype.Numeric
	Sku string
	IsActive pgtype.Bool
}

func rowToProductEntity(row db.Product) ProductEntity {
	return ProductEntity{
		ID: row.ID,
		CreatedAt: row.CreatedAt,
		UpdatedAt: row.UpdatedAt,
		Name: row.Name,
		Description: row.Description,
		Price: row.Price,
		Sku: row.Sku,
		IsActive: row.IsActive,
	}
}
