package models

import (
	"github.com/google/uuid"
	"github.com/jackc/pgx/v5/pgtype"


	"github.com/example/test/models/internal/db"
)

type companyBase struct{}

var Company = companyBase{}

type CompanyEntity struct {
	ID uuid.UUID
	CreatedAt pgtype.Timestamptz
	UpdatedAt pgtype.Timestamptz
	Name string
	Industry pgtype.Text
}

func rowToCompanyEntity(row db.Company) CompanyEntity {
	return CompanyEntity{
		ID: row.ID,
		CreatedAt: row.CreatedAt,
		UpdatedAt: row.UpdatedAt,
		Name: row.Name,
		Industry: row.Industry,
	}
}
