package models

import (
	"github.com/google/uuid"
	"github.com/jackc/pgx/v5/pgtype"


	"github.com/example/test/models/internal/db"
)

type queryBase struct{}

var Query = queryBase{}

type QueryEntity struct {
	ID uuid.UUID
	CreatedAt pgtype.Timestamptz
	UpdatedAt pgtype.Timestamptz
	SqlText string
	Status string
}

func rowToQueryEntity(row db.Query) QueryEntity {
	return QueryEntity{
		ID: row.ID,
		CreatedAt: row.CreatedAt,
		UpdatedAt: row.UpdatedAt,
		SqlText: row.SqlText,
		Status: row.Status,
	}
}
