



package views

import (
	"fmt"
	
	"testapp/models"
	
	
	"testapp/router/routes"
	
)




type WidgetShow struct {
	Item models.WidgetEntity
}

func (ws WidgetShow) PageFragment() string {
	return "widget-show-page-fragment"
}

templ (ws WidgetShow) Page() {
	@base() {
		@templ.Fragment(ws.PageFragment()) {
			<main id="widget-show-container" class="flex-1 px-6 py-10">
				<div class="mx-auto flex w-full max-w-4xl flex-col gap-6">
					<div class="flex flex-wrap items-center justify-between gap-4">
						<h1 class="text-2xl font-semibold tracking-normal text-base-content">Widget Details</h1>
						<div class="flex flex-wrap items-center gap-3">
							
							<a href={ routes.WidgetEdit.URL(ws.Item.ID) } class="btn btn-primary">Edit</a>
							
							
						</div>
					</div>
					<div class="card">
						<div class="card-content">
							<div class="grid gap-5 sm:grid-cols-2">
								
								<div class="field">
									<label class="field-label">Name</label>
									<p class="text-sm text-base-content">{ ws.Item.Name }</p>
								</div>
								<div class="field">
									<label class="field-label">Quantity</label>
									<p class="text-sm text-base-content">{ fmt.Sprintf("%d", ws.Item.Quantity) }</p>
								</div>
								<div class="field">
									<label class="field-label">Active</label>
									<p class="text-sm text-base-content">{ fmt.Sprintf("%t", ws.Item.Active) }</p>
								</div>
								<div class="field">
									<label class="field-label">Created At</label>
									<p class="text-sm text-base-content">{ ws.Item.CreatedAt.String() }</p>
								</div>
								<div class="field">
									<label class="field-label">Updated At</label>
									<p class="text-sm text-base-content">{ ws.Item.UpdatedAt.String() }</p>
								</div>
								
							</div>
						</div>
					</div>
				</div>
			</main>
		}
	}
}





type WidgetEdit struct {
	Item models.WidgetEntity
}

func (we WidgetEdit) PageFragment() string {
	return "widget-edit-page-fragment"
}

templ (we WidgetEdit) Page() {
	@base() {
		@templ.Fragment(we.PageFragment()) {
			<main id="widget-edit-container" class="flex-1 flex items-center justify-center px-6 py-10">
				<div class="mx-auto flex w-full max-w-md flex-col gap-6">
					<div class="card">
						<div class="card-header">
							<h3 class="card-title">Edit Widget</h3>
							<p class="card-description">Update the details for this widget.</p>
						</div>
						<div class="card-content">
							<form class="form" data-indicator:_submitting>
								<fieldset class="fieldset" data-attr:disabled="$_submitting">
									
									<div class="field">
										<label class="field-label" for="name">Name</label>
										<input type="text" class="input" data-bind="name" value={ we.Item.Name } />
									</div>
									<div class="field">
										<label class="field-label" for="quantity">Quantity</label>
										<input type="number" class="input" data-bind="quantity" value={ fmt.Sprintf("%d", we.Item.Quantity) } />
									</div>
									<div class="radio-row">
										<input type="checkbox" class="checkbox" data-bind="active" if we.Item.Active { checked } />
										<label class="field-label" for="active">Active</label>
									</div>
									
									<div class="card-footer mt-6 flex-col gap-3">
										
										
									</div>
								</fieldset>
							</form>
							
						</div>
					</div>
				</div>
			</main>
		}
	}
}

