package factories

import (
	"context"
	"fmt"

	"example.com/app/models"
	"github.com/go-faker/faker/v4"
	"github.com/mbvlabs/andurel/pkg/storage"
)

// WidgetFactory wraps models.Widget for testing
type WidgetFactory struct {
	models.Widget
}

type WidgetOption func(*WidgetFactory)

// BuildWidget creates an in-memory Widget with default test values.
// Auto-managed fields (ID, timestamps) are left at zero and set by CreateWidget.
func BuildWidget(opts ...WidgetOption) models.Widget {
	f := &WidgetFactory{
		Widget: models.Widget{
			Name:     faker.Name(),
			Quantity: randomInt(1, 1000, 100),
			Active:   randomBool(),
		},
	}

	for _, opt := range opts {
		opt(f)
	}

	return f.Widget
}

// CreateWidget creates and persists a Widget to the database.
// It returns the entity populated with all DB-assigned values via RETURNING *.
func CreateWidget(ctx context.Context, db storage.Connection, opts ...WidgetOption) (models.Widget, error) {
	built := BuildWidget(opts...)

	return models.NewWidgets(db).Create(ctx, models.CreateWidgetData{
		Name:     built.Name,
		Quantity: built.Quantity,
		Active:   built.Active,
	})
}

// CreateWidgets creates multiple Widget records at once
func CreateWidgets(ctx context.Context, db storage.Connection, count int, opts ...WidgetOption) ([]models.Widget, error) {
	widgets := make([]models.Widget, 0, count)

	for i := range count {
		entity, err := CreateWidget(ctx, db, opts...)
		if err != nil {
			return nil, fmt.Errorf("failed to create widget %d: %w", i+1, err)
		}
		widgets = append(widgets, entity)
	}

	return widgets, nil
}

// Option functions

// WithWidgetName sets the Name field
func WithWidgetName(value string) WidgetOption {
	return func(f *WidgetFactory) {
		f.Widget.Name = value
	}
}

// WithWidgetQuantity sets the Quantity field
func WithWidgetQuantity(value int32) WidgetOption {
	return func(f *WidgetFactory) {
		f.Widget.Quantity = value
	}
}

// WithWidgetActive sets the Active field
func WithWidgetActive(value bool) WidgetOption {
	return func(f *WidgetFactory) {
		f.Widget.Active = value
	}
}
