<script setup lang="ts">
import { Link, useForm } from '@inertiajs/vue3'
import { routes } from '../../routes'

type RouteID = string

function routeID(item: Record<string, unknown>): RouteID {
  return item.ID as RouteID
}

defineProps<{
  item: Record<string, unknown>
}>()
</script>

<template>
  <div class="mx-auto max-w-3xl px-4 py-8 sm:px-6 lg:px-8">
    <div class="flex items-center justify-between">
      <h1 class="text-2xl font-bold text-slate-100">Project Details</h1>
      <div class="flex gap-3">
        <Link :href="routes.projectEdit(routeID(item))" class="rounded-md bg-cyan-400 px-4 py-2 text-sm font-medium text-slate-950 hover:bg-cyan-300">Edit</Link>
        <Link :href="routes.projectIndex()" class="rounded-md border border-cyan-400/25 bg-slate-900 px-4 py-2 text-sm font-medium text-slate-200 hover:bg-slate-950">Back</Link>
      </div>
    </div>

    <div class="mt-8 overflow-hidden rounded-lg border border-cyan-400/25 bg-slate-900 shadow-sm">
      <dl class="divide-y divide-cyan-400/20">
        <div class="px-6 py-4 sm:grid sm:grid-cols-3 sm:gap-4">
          <dt class="text-sm font-medium text-slate-400">Title</dt>
          <dd class="mt-1 text-sm text-slate-100 sm:col-span-2 sm:mt-0">{{ item.Title }}</dd>
        </div>
        <div class="px-6 py-4 sm:grid sm:grid-cols-3 sm:gap-4">
          <dt class="text-sm font-medium text-slate-400">Status</dt>
          <dd class="mt-1 text-sm text-slate-100 sm:col-span-2 sm:mt-0">{{ item.Status }}</dd>
        </div>
        <div class="px-6 py-4 sm:grid sm:grid-cols-3 sm:gap-4">
          <dt class="text-sm font-medium text-slate-400">Created At</dt>
          <dd class="mt-1 text-sm text-slate-100 sm:col-span-2 sm:mt-0">{{ item.CreatedAt }}</dd>
        </div>
        <div class="px-6 py-4 sm:grid sm:grid-cols-3 sm:gap-4">
          <dt class="text-sm font-medium text-slate-400">Updated At</dt>
          <dd class="mt-1 text-sm text-slate-100 sm:col-span-2 sm:mt-0">{{ item.UpdatedAt }}</dd>
        </div>
      </dl>
    </div>
  </div>
</template>
