package factories

import (
	"context"
	"fmt"

	"example.com/app/models"
	"github.com/go-faker/faker/v4"
	"github.com/jackc/pgx/v5/pgtype"
	"github.com/mbvlabs/andurel/pkg/storage"
)

type CompanyFactory struct {
	models.Company
}

type CompanyOption func(*CompanyFactory)

func BuildCompany(opts ...CompanyOption) models.Company {
	f := &CompanyFactory{
		Company: models.Company{
			Name:     faker.Name(),
			Industry: pgtype.Text{},
		},
	}

	for _, opt := range opts {
		opt(f)
	}

	return f.Company
}

func CreateCompany(ctx context.Context, db storage.Connection, opts ...CompanyOption) (models.Company, error) {
	built := BuildCompany(opts...)

	return models.NewCompanies(db).Create(ctx, models.CreateCompanyData{
		Name:     built.Name,
		Industry: built.Industry,
	})
}

func CreateCompanies(ctx context.Context, db storage.Connection, count int, opts ...CompanyOption) ([]models.Company, error) {
	companies := make([]models.Company, 0, count)

	for i := range count {
		entity, err := CreateCompany(ctx, db, opts...)
		if err != nil {
			return nil, fmt.Errorf("failed to create company %d: %w", i+1, err)
		}
		companies = append(companies, entity)
	}

	return companies, nil
}

func WithCompanyName(value string) CompanyOption {
	return func(f *CompanyFactory) {
		f.Company.Name = value
	}
}

func WithCompanyIndustry(value pgtype.Text) CompanyOption {
	return func(f *CompanyFactory) {
		f.Company.Industry = value
	}
}
