package main

import (
	"testapp/controllers"
	"testapp/router"
)

func setupControllers(db interface{}, r *router.Router) error {
	projects := controllers.NewProjects(db)
	if err := r.RegisterProjectRoutes(projects); err != nil {
		return err
	}

	// andurel:controller-registration-point
	return nil
}
