package factories

import (
	"context"
	"database/sql"
	"fmt"
	"time"

	"testapp/internal/storage"
	"testapp/models"

	"github.com/go-faker/faker/v4"
	"github.com/google/uuid"
)

// ProductFactory wraps models.ProductEntity for testing
type ProductFactory struct {
	models.ProductEntity
}

type ProductOption func(*ProductFactory)

// BuildProduct creates an in-memory Product with default test values.
// Auto-managed fields (ID, timestamps) are left at zero and set by CreateProduct.
func BuildProduct(opts ...ProductOption) models.ProductEntity {
	f := &ProductFactory{
		ProductEntity: models.ProductEntity{
			Name:  faker.Word(),
			Price: sql.NullFloat64{Float64: float64(randomInt(1, 1000, 100)), Valid: true},
		},
	}

	for _, opt := range opts {
		opt(f)
	}

	return f.ProductEntity
}

// CreateProduct creates and persists a Product to the database.
// It returns the entity populated with all DB-assigned values via RETURNING *.
func CreateProduct(ctx context.Context, exec storage.Executor, opts ...ProductOption) (models.ProductEntity, error) {
	built := BuildProduct(opts...)

	entity := models.ProductEntity{
		ID:        uuid.New(),
		CreatedAt: time.Now(),
		UpdatedAt: time.Now(),
		Name:      built.Name,
		Price:     built.Price,
	}

	if err := exec.NewInsert().Model(&entity).Returning("*").Scan(ctx); err != nil {
		return models.ProductEntity{}, err
	}

	return entity, nil
}

// CreateProducts creates multiple Product records at once
func CreateProducts(ctx context.Context, exec storage.Executor, count int, opts ...ProductOption) ([]models.ProductEntity, error) {
	products := make([]models.ProductEntity, 0, count)

	for i := 0; i < count; i++ {
		entity, err := CreateProduct(ctx, exec, opts...)
		if err != nil {
			return nil, fmt.Errorf("failed to create product %d: %w", i+1, err)
		}
		products = append(products, entity)
	}

	return products, nil
}

// Option functions

// WithProductsName sets the Name field
func WithProductsName(value string) ProductOption {
	return func(f *ProductFactory) {
		f.ProductEntity.Name = value
	}
}

// WithProductsPrice sets the Price field
func WithProductsPrice(value sql.NullFloat64) ProductOption {
	return func(f *ProductFactory) {
		f.ProductEntity.Price = value
	}
}
