package controllers

import (
	"database/sql"
	"fmt"
	"log/slog"
	"net/http"
	"strconv"
	"testapp/internal/hypermedia"
	"testapp/internal/storage"
	"testapp/models"
	"testapp/router/cookies"
	"testapp/router/routes"
	"testapp/views"

	"github.com/google/uuid"
	"github.com/labstack/echo/v5"
)

type Reviews struct {
	db storage.Pool
}

func NewReviews(db storage.Pool) Reviews {
	return Reviews{db}
}

func (r Reviews) Index(etx *echo.Context) error {
	page := int64(1)
	if p := etx.QueryParam("page"); p != "" {
		if parsed, err := strconv.Atoi(p); err == nil && parsed > 0 {
			page = int64(parsed)
		}
	}

	perPage := int64(25)
	if pp := etx.QueryParam("per_page"); pp != "" {
		if parsed, err := strconv.Atoi(pp); err == nil && parsed > 0 &&
			parsed <= 100 {
			perPage = int64(parsed)
		}
	}

	reviewsList, err := models.Review.Paginate(
		etx.Request().Context(),
		r.db.Executor(),
		page,
		perPage,
	)
	if err != nil {
		return hypermedia.RenderPage(etx, views.InternalError())
	}

	return hypermedia.RenderPage(etx, views.ReviewIndex{Items: reviewsList.Reviews}.Page())
}

func (r Reviews) Show(etx *echo.Context) error {
	reviewID, err := uuid.Parse(etx.Param("id"))
	if err != nil {
		return hypermedia.RenderPage(etx, views.BadRequest())
	}

	review, err := models.Review.Find(etx.Request().Context(), r.db.Executor(), reviewID)
	if err != nil {
		return hypermedia.RenderPage(etx, views.NotFound())
	}

	return hypermedia.RenderPage(etx, views.ReviewShow{Item: review}.Page())
}

func (r Reviews) New(etx *echo.Context) error {
	return hypermedia.RenderPage(etx, views.ReviewNew{}.Page())
}

type CreateReviewFormPayload struct {
	Title  string `json:"title"`
	Body   string `json:"body"`
	Rating int32  `json:"rating"`
}

func (r Reviews) Create(etx *echo.Context) error {
	var payload CreateReviewFormPayload
	if err := etx.Bind(&payload); err != nil {
		slog.ErrorContext(
			etx.Request().Context(),
			"could not parse CreateReviewFormPayload",
			"error",
			err,
		)

		return hypermedia.RenderPage(etx, views.NotFound())
	}

	data := models.CreateReviewData{
		Title:  payload.Title,
		Body:   sql.NullString{String: payload.Body, Valid: true},
		Rating: payload.Rating,
	}

	review, err := models.Review.Create(
		etx.Request().Context(),
		r.db.Executor(),
		data,
	)
	if err != nil {
		if flashErr := cookies.AddFlash(etx, cookies.FlashError, fmt.Sprintf("Failed to create review: %v", err)); flashErr != nil {
			return flashErr
		}
		return etx.Redirect(http.StatusSeeOther, routes.ReviewNew.URL())
	}

	if flashErr := cookies.AddFlash(etx, cookies.FlashSuccess, "Review created successfully"); flashErr != nil {
		return hypermedia.RenderPage(etx, views.InternalError())
	}

	return etx.Redirect(http.StatusSeeOther, routes.ReviewShow.URL(review.ID))
}

func (r Reviews) Edit(etx *echo.Context) error {
	reviewID, err := uuid.Parse(etx.Param("id"))
	if err != nil {
		return hypermedia.RenderPage(etx, views.BadRequest())
	}

	review, err := models.Review.Find(etx.Request().Context(), r.db.Executor(), reviewID)
	if err != nil {
		return hypermedia.RenderPage(etx, views.NotFound())
	}

	return hypermedia.RenderPage(etx, views.ReviewEdit{Item: review}.Page())
}

type UpdateReviewFormPayload struct {
	Title  string `json:"title"`
	Body   string `json:"body"`
	Rating int32  `json:"rating"`
}

func (r Reviews) Update(etx *echo.Context) error {
	reviewID, err := uuid.Parse(etx.Param("id"))
	if err != nil {
		return hypermedia.RenderPage(etx, views.BadRequest())
	}

	var payload UpdateReviewFormPayload
	if err := etx.Bind(&payload); err != nil {
		slog.ErrorContext(
			etx.Request().Context(),
			"could not parse UpdateReviewFormPayload",
			"error",
			err,
		)

		return hypermedia.RenderPage(etx, views.NotFound())
	}

	data := models.UpdateReviewData{
		ID:     reviewID,
		Title:  payload.Title,
		Body:   sql.NullString{String: payload.Body, Valid: true},
		Rating: payload.Rating,
	}

	review, err := models.Review.Update(
		etx.Request().Context(),
		r.db.Executor(),
		data,
	)
	if err != nil {
		if flashErr := cookies.AddFlash(etx, cookies.FlashError, fmt.Sprintf("Failed to update review: %v", err)); flashErr != nil {
			return hypermedia.RenderPage(etx, views.InternalError())
		}
		return etx.Redirect(
			http.StatusSeeOther,
			routes.ReviewEdit.URL(reviewID),
		)
	}

	if flashErr := cookies.AddFlash(etx, cookies.FlashSuccess, "Review updated successfully"); flashErr != nil {
		return hypermedia.RenderPage(etx, views.InternalError())
	}

	return etx.Redirect(http.StatusSeeOther, routes.ReviewShow.URL(review.ID))
}

func (r Reviews) Destroy(etx *echo.Context) error {
	reviewID, err := uuid.Parse(etx.Param("id"))
	if err != nil {
		return hypermedia.RenderPage(etx, views.BadRequest())
	}

	err = models.Review.Destroy(etx.Request().Context(), r.db.Executor(), reviewID)
	if err != nil {
		if flashErr := cookies.AddFlash(etx, cookies.FlashError, fmt.Sprintf("Failed to delete review: %v", err)); flashErr != nil {
			return hypermedia.RenderPage(etx, views.InternalError())
		}
		return etx.Redirect(http.StatusSeeOther, routes.ReviewIndex.URL())
	}

	if flashErr := cookies.AddFlash(etx, cookies.FlashSuccess, "Review destroyed successfully"); flashErr != nil {
		return hypermedia.RenderPage(etx, views.InternalError())
	}

	return etx.Redirect(http.StatusSeeOther, routes.ReviewIndex.URL())
}
