package models

import (
	"context"
	"errors"
	"testapp/internal/storage"
	"time"

	"github.com/google/uuid"
	"github.com/uptrace/bun"
)

// StudentFeedbackEntity represents a StudentFeedback record in the database.
type StudentFeedbackEntity struct {
	bun.BaseModel `bun:"table:student_feedback"`
	ID            uuid.UUID  `bun:"id,pk,type:uuid"`
	StudentID     string     `bun:"student_id"`
	Feedback      string     `bun:"feedback"`
	Rating        *int32     `bun:"rating"`
	CreatedAt     *time.Time `bun:"created_at"`
	UpdatedAt     *time.Time `bun:"updated_at"`
}

func (sf studentFeedback) Find(ctx context.Context, db storage.Executor, id uuid.UUID) (StudentFeedbackEntity, error) {
	var entity StudentFeedbackEntity
	err := db.NewSelect().
		Model(&entity).
		Where("id = ?", id).
		Scan(ctx)
	if err != nil {
		return StudentFeedbackEntity{}, err
	}
	return entity, nil
}

type CreateStudentFeedbackData struct {
	StudentID string
	Feedback  string
	Rating    *int32
}

func (sf studentFeedback) Create(ctx context.Context, db storage.Executor, data CreateStudentFeedbackData) (StudentFeedbackEntity, error) {
	if err := Validate.Struct(data); err != nil {
		return StudentFeedbackEntity{}, errors.Join(ErrDomainValidation, err)
	}

	entity := StudentFeedbackEntity{
		ID:        uuid.New(),
		CreatedAt: time.Now(),
		UpdatedAt: time.Now(),
		StudentID: data.StudentID,
		Feedback:  data.Feedback,
		Rating:    data.Rating,
	}

	_, err := db.NewInsert().Model(&entity).Exec(ctx)
	if err != nil {
		return StudentFeedbackEntity{}, err
	}
	return entity, nil
}

type UpdateStudentFeedbackData struct {
	ID        uuid.UUID
	StudentID string
	Feedback  string
	Rating    *int32
	UpdatedAt *time.Time
}

func (sf studentFeedback) Update(ctx context.Context, db storage.Executor, data UpdateStudentFeedbackData) (StudentFeedbackEntity, error) {
	if err := Validate.Struct(data); err != nil {
		return StudentFeedbackEntity{}, errors.Join(ErrDomainValidation, err)
	}

	entity := StudentFeedbackEntity{
		ID:        data.ID,
		UpdatedAt: time.Now(),
		StudentID: data.StudentID,
		Feedback:  data.Feedback,
		Rating:    data.Rating,
	}

	_, err := db.NewUpdate().
		Model(&entity).
		Where("id = ?", data.ID).
		Exec(ctx)
	if err != nil {
		return StudentFeedbackEntity{}, err
	}
	return entity, nil
}

func (sf studentFeedback) Destroy(ctx context.Context, db storage.Executor, id uuid.UUID) error {
	_, err := db.NewDelete().
		Model((*StudentFeedbackEntity)(nil)).
		Where("id = ?", id).
		Exec(ctx)
	return err
}

func (sf studentFeedback) All(ctx context.Context, db storage.Executor) ([]StudentFeedbackEntity, error) {
	var entities []StudentFeedbackEntity
	err := db.NewSelect().
		Model(&entities).
		Scan(ctx)
	if err != nil {
		return nil, err
	}
	return entities, nil
}

type PaginatedStudentFeedback struct {
	StudentFeedback []StudentFeedbackEntity
	TotalCount      int64
	Page            int64
	PageSize        int64
	TotalPages      int64
}

func (sf studentFeedback) Paginate(ctx context.Context, db storage.Executor, page, pageSize int64) (PaginatedStudentFeedback, error) {
	if page < 1 {
		page = 1
	}
	if pageSize < 1 {
		pageSize = 10
	}
	if pageSize > 100 {
		pageSize = 100
	}

	offset := (page - 1) * pageSize

	var totalCount int64
	if err := db.NewSelect().
		Model(&StudentFeedbackEntity{}).Scan(ctx, &totalCount); err != nil {
		return PaginatedStudentFeedback{}, err
	}

	var entities []StudentFeedbackEntity
	if err := db.NewSelect().
		Model(&entities).
		Limit(int(pageSize)).
		Offset(int(offset)).
		Scan(ctx); err != nil {
		return PaginatedStudentFeedback{}, err
	}

	totalPages := (totalCount + pageSize - 1) / pageSize

	return PaginatedStudentFeedback{
		StudentFeedback: entities,
		TotalCount:      totalCount,
		Page:            page,
		PageSize:        pageSize,
		TotalPages:      totalPages,
	}, nil
}

func (sf studentFeedback) Upsert(ctx context.Context, db storage.Executor, data CreateStudentFeedbackData) (StudentFeedbackEntity, error) {
	if err := Validate.Struct(data); err != nil {
		return StudentFeedbackEntity{}, errors.Join(ErrDomainValidation, err)
	}

	entity := StudentFeedbackEntity{
		ID:        uuid.New(),
		CreatedAt: time.Now(),
		UpdatedAt: time.Now(),
		StudentID: data.StudentID,
		Feedback:  data.Feedback,
		Rating:    data.Rating,
	}

	_, err := db.NewInsert().
		Model(&entity).
		On("CONFLICT (id) DO UPDATE").
		Exec(ctx)
	if err != nil {
		return StudentFeedbackEntity{}, err
	}
	return entity, nil
}
